captured reverse-linked-list exchange 1; concept=understand-link-direction; outcome=not_yet
captured reverse-linked-list exchange 2; concept=understand-link-direction; outcome=not_yet
captured reverse-linked-list exchange 3; concept=understand-link-direction; outcome=demonstrated
captured reverse-linked-list exchange 4; concept=initialize-pointers; outcome=not_yet
captured reverse-linked-list exchange 5; concept=initialize-pointers; outcome=not_yet
captured reverse-linked-list exchange 6; concept=initialize-pointers; outcome=not_yet
captured reverse-linked-list exchange 7; concept=initialize-pointers; outcome=not_yet
captured reverse-linked-list exchange 8; concept=initialize-pointers; outcome=not_yet
captured reverse-linked-list exchange 9; concept=initialize-pointers; outcome=demonstrated
captured reverse-linked-list exchange 10; concept=preserve-successor; outcome=not_yet
captured reverse-linked-list exchange 11; concept=preserve-successor; outcome=not_yet
captured reverse-linked-list exchange 12; concept=preserve-successor; outcome=not_yet
captured reverse-linked-list exchange 13; concept=preserve-successor; outcome=demonstrated
captured reverse-linked-list exchange 14; concept=reverse-and-advance; outcome=uncertain
captured reverse-linked-list exchange 15; concept=reverse-and-advance; outcome=not_yet
captured reverse-linked-list exchange 16; concept=reverse-and-advance; outcome=demonstrated
captured reverse-linked-list exchange 17; concept=return-new-head; outcome=not_yet
captured reverse-linked-list exchange 18; concept=return-new-head; outcome=not_yet
captured reverse-linked-list exchange 19; concept=return-new-head; outcome=not_yet
captured reverse-linked-list exchange 20; concept=return-new-head; outcome=uncertain
captured reverse-linked-list exchange 21; concept=return-new-head; outcome=demonstrated
captured generic all-DSA tutoring: 1 plans / 21 exchanges / 42 visible messages
transcript: artifacts\model-tutoring-qualification\epoch-9\public-batch-000\lanes\reverse-linked-list\transcript.jsonl
trace: artifacts\model-tutoring-qualification\epoch-9\public-batch-000\lanes\reverse-linked-list\trace.jsonl
plans: artifacts\model-tutoring-qualification\epoch-9\public-batch-000\lanes\reverse-linked-list\plans.jsonl
